
> aquarium-performance@0.1.0 build
> prisma generate && next build

npm.cmd : Loaded Prisma config from prisma.config.ts.
At line:2 char:1
+ npm.cmd run build *> build-output.log
+ ~~~~~~~~~~~~~~~~~~~~~~~~~~~~~~~~~~~~~
    + CategoryInfo          : NotSpecified: (Loaded Prisma c...isma.config.ts.:String) [], RemoteException
    + FullyQualifiedErrorId : NativeCommandError
 

Prisma schema loaded from prisma\schema.prisma.

✔ Generated Prisma Client (7.6.0) to .\src\generated\prisma in 1.43s

   ▲ Next.js 15.5.14
   - Environments: .env

   Creating an optimized production build ...
 ✓ Compiled successfully in 27.8s
   Linting and checking validity of types ...
   Collecting page data ...
   Generating static pages (0/10) ...
   Generating static pages (2/10) 
   Generating static pages (4/10) 
   Generating static pages (7/10) 
 ✓ Generating static pages (10/10)
   Finalizing page optimization ...
   Collecting build traces ...

Route (app)                                    Size  First Load JS
┌ ○ /                                        2.7 kB         118 kB
├ ○ /_not-found                               994 B         103 kB
├ ƒ /api/auth/[...nextauth]                   130 B         102 kB
├ ƒ /dashboard                                130 B         102 kB
├ ƒ /dashboard/admin                          161 B         106 kB
├ ƒ /dashboard/admin/karyawan                 479 B         128 kB
├ ƒ /dashboard/admin/karyawan/[employeeId]    168 B         128 kB
├ ƒ /dashboard/admin/produk                   480 B         128 kB
├ ƒ /dashboard/admin/produk/[productId]       168 B         128 kB
├ ƒ /dashboard/karyawan                       130 B         102 kB
└ ○ /login                                  2.04 kB         114 kB
+ First Load JS shared by all                102 kB
  ├ chunks/255-54caec5525ba5651.js          45.9 kB
  ├ chunks/4bd1b696-c023c6e3521b1417.js     54.2 kB
  └ other shared chunks (total)             1.99 kB


○  (Static)   prerendered as static content
ƒ  (Dynamic)  server-rendered on demand

